------------------------------------------------------------
TimeQuest Timing Analyzer Summary
------------------------------------------------------------

Type  : Slow 1200mV 85C Model Setup 'clk_50mhz'
Slack : -2.840
TNS   : -42.001

Type  : Slow 1200mV 85C Model Setup 'clk_1hz_int'
Slack : -1.671
TNS   : -22.775

Type  : Slow 1200mV 85C Model Hold 'clk_50mhz'
Slack : -0.126
TNS   : -0.126

Type  : Slow 1200mV 85C Model Hold 'clk_1hz_int'
Slack : 0.343
TNS   : 0.000

Type  : Slow 1200mV 85C Model Minimum Pulse Width 'clk_50mhz'
Slack : -3.000
TNS   : -29.000

Type  : Slow 1200mV 85C Model Minimum Pulse Width 'clk_1hz_int'
Slack : -1.000
TNS   : -21.000

Type  : Slow 1200mV 0C Model Setup 'clk_50mhz'
Slack : -2.472
TNS   : -34.925

Type  : Slow 1200mV 0C Model Setup 'clk_1hz_int'
Slack : -1.402
TNS   : -18.283

Type  : Slow 1200mV 0C Model Hold 'clk_50mhz'
Slack : -0.157
TNS   : -0.157

Type  : Slow 1200mV 0C Model Hold 'clk_1hz_int'
Slack : 0.298
TNS   : 0.000

Type  : Slow 1200mV 0C Model Minimum Pulse Width 'clk_50mhz'
Slack : -3.000
TNS   : -29.000

Type  : Slow 1200mV 0C Model Minimum Pulse Width 'clk_1hz_int'
Slack : -1.000
TNS   : -21.000

Type  : Fast 1200mV 0C Model Setup 'clk_50mhz'
Slack : -1.142
TNS   : -12.402

Type  : Fast 1200mV 0C Model Setup 'clk_1hz_int'
Slack : -0.476
TNS   : -4.463

Type  : Fast 1200mV 0C Model Hold 'clk_50mhz'
Slack : -0.176
TNS   : -0.176

Type  : Fast 1200mV 0C Model Hold 'clk_1hz_int'
Slack : 0.178
TNS   : 0.000

Type  : Fast 1200mV 0C Model Minimum Pulse Width 'clk_50mhz'
Slack : -3.000
TNS   : -30.508

Type  : Fast 1200mV 0C Model Minimum Pulse Width 'clk_1hz_int'
Slack : -1.000
TNS   : -21.000

------------------------------------------------------------
